<?xml version="1.0" encoding="UTF-8"?>
<testsuites name="jest tests" tests="1" failures="0" time="10.632">
  <testsuite name="src/components/app/App.test.js" errors="0" failures="0" skipped="0" timestamp="2019-12-09T18:27:47" time="5.483" tests="1">
    <testcase classname="-renders without crashing" name="-renders without crashing" time="0.063">
    </testcase>
  </testsuite>
</testsuites>